Arduino Started
Hand length: 